../Core/Src/main.c:110:8:Delayer	16	static
../Core/Src/main.c:77:5:main	16	static
../Core/Src/main.c:120:8:toggleLeds	48	static
../Core/Src/main.c:132:8:blinkAllLeds	24	static
../Core/Src/main.c:180:6:SystemClock_Config	88	static
../Core/Src/main.c:227:13:MX_TIM1_Init	32	static
../Core/Src/main.c:273:13:MX_TIM2_Init	32	static
../Core/Src/main.c:318:13:MX_USART3_UART_Init	8	static
../Core/Src/main.c:351:13:MX_USB_OTG_FS_PCD_Init	8	static
../Core/Src/main.c:386:13:MX_GPIO_Init	56	static
../Core/Src/main.c:444:6:Error_Handler	4	static,ignoring_inline_asm
